// Jest Snapshot v1, https://jestjs.io/docs/snapshot-testing

exports[`App tests should contains the heading 1 1`] = `<div />`;
